// Jest Snapshot v1, https://goo.gl/fbAQLP

exports[`compileShader compiles a node into a shader 1`] = `
Object {
  "fragmentShader": "
    /*** FRAGMENT SHADER ***/

    
    /** Node: Root **/

    

    

    
  

    void main() {
      
        /** Node: Root **/

        

        {
          /* Varying References */
          

          /* Inputs */
           vec3 offset = vec3(1.0, 2.0, 3.0);

          /* Outputs */
          

          /* Code */
          

          /* Update globals */
          

          
        }
      
    }",
  "uniforms": Object {},
  "update": [Function],
  "vertexShader": "
    /*** VERTEX SHADER ***/

    
    /** Node: Root **/

    

    

    
  

    void main() {
      
        /** Node: Root **/

        

        {
          /* Varying References */
          

          /* Inputs */
           vec3 offset = vec3(1.0, 2.0, 3.0);

          /* Outputs */
          

          /* Code */
          csm_Position += offset;

          /* Update globals */
          

          
        }
      
    }",
}
`;

exports[`compileShader resolves dependencies to other nodes 1`] = `
Object {
  "fragmentShader": "
    /*** FRAGMENT SHADER ***/

    
    /** Node: Constant Color Value **/

    

    

    
  



    /** Node: Constant Vector3 Value **/

    

    

    
  



    /** Node: CSM Master Node **/

    

    

    
  

    void main() {
      
        /** Node: Constant Color Value **/

         vec3 node_1_constant_color_value_output_vec3_value;

        {
          /* Varying References */
          

          /* Inputs */
          

          /* Outputs */
           vec3 value = vec3(1.0, 0.4117647058823529, 0.7058823529411765);

          /* Code */
          

          /* Update globals */
          node_1_constant_color_value_output_vec3_value = value;

          
        }
      



        /** Node: Constant Vector3 Value **/

         vec3 node_2_constant_vector3_value_output_vec3_value;
 float node_2_constant_vector3_value_output_float_x;
 float node_2_constant_vector3_value_output_float_y;
 float node_2_constant_vector3_value_output_float_z;

        {
          /* Varying References */
          

          /* Inputs */
          

          /* Outputs */
           vec3 value = vec3(1.0, 2.0, 3.0);
 float x = value.x;
 float y = value.y;
 float z = value.z;

          /* Code */
          

          /* Update globals */
          node_2_constant_vector3_value_output_vec3_value = value;
node_2_constant_vector3_value_output_float_x = x;
node_2_constant_vector3_value_output_float_y = y;
node_2_constant_vector3_value_output_float_z = z;

          
        }
      



        /** Node: CSM Master Node **/

        

        {
          /* Varying References */
          

          /* Inputs */
           vec3 diffuseColor = node_1_constant_color_value_output_vec3_value;
 vec3 emissiveColor;
 vec3 position = node_2_constant_vector3_value_output_vec3_value;
 vec3 normal;

          /* Outputs */
          

          /* Code */
          
        csm_DiffuseColor.rgb = diffuseColor;
        
        
      

          /* Update globals */
          

          
        }
      
    }",
  "uniforms": Object {},
  "update": [Function],
  "vertexShader": "
    /*** VERTEX SHADER ***/

    
    /** Node: Constant Color Value **/

    

    

    
  



    /** Node: Constant Vector3 Value **/

    

    

    
  



    /** Node: CSM Master Node **/

    

    

    
  

    void main() {
      
        /** Node: Constant Color Value **/

         vec3 node_1_constant_color_value_output_vec3_value;

        {
          /* Varying References */
          

          /* Inputs */
          

          /* Outputs */
           vec3 value = vec3(1.0, 0.4117647058823529, 0.7058823529411765);

          /* Code */
          

          /* Update globals */
          node_1_constant_color_value_output_vec3_value = value;

          
        }
      



        /** Node: Constant Vector3 Value **/

         vec3 node_2_constant_vector3_value_output_vec3_value;
 float node_2_constant_vector3_value_output_float_x;
 float node_2_constant_vector3_value_output_float_y;
 float node_2_constant_vector3_value_output_float_z;

        {
          /* Varying References */
          

          /* Inputs */
          

          /* Outputs */
           vec3 value = vec3(1.0, 2.0, 3.0);
 float x = value.x;
 float y = value.y;
 float z = value.z;

          /* Code */
          

          /* Update globals */
          node_2_constant_vector3_value_output_vec3_value = value;
node_2_constant_vector3_value_output_float_x = x;
node_2_constant_vector3_value_output_float_y = y;
node_2_constant_vector3_value_output_float_z = z;

          
        }
      



        /** Node: CSM Master Node **/

        

        {
          /* Varying References */
          

          /* Inputs */
           vec3 diffuseColor = node_1_constant_color_value_output_vec3_value;
 vec3 emissiveColor;
 vec3 position = node_2_constant_vector3_value_output_vec3_value;
 vec3 normal;

          /* Outputs */
          

          /* Code */
          
        
        csm_Position = position;
        
      

          /* Update globals */
          

          
        }
      
    }",
}
`;
